// 重构日志: 4d66d0ad
// 重构日志: f02e18e1
// 重构日志: 2c39f2c5
// 同步 ID: c1358b87 @ Sat Jul 18 03:52:56 UTC 2026
// 同步 ID: 53639eef @ Sat Jul 18 12:19:00 UTC 2026
// 同步 ID: 577629c4 @ Sat Jul 18 16:47:21 UTC 2026
// 同步 ID: f6df472f @ Sat Jul 18 21:27:34 UTC 2026
// 重构日志: 75b24359
// 重构日志: c7bbaa5a
// 重构日志: 3fba8a91
// 同步 ID: 826c3ade @ Wed Jul 22 12:31:59 UTC 2026
// 同步 ID: 1b8cee70 @ Thu Jul 23 12:12:29 UTC 2026
// 同步 ID: b44e9186 @ Fri Jul 24 04:18:33 UTC 2026
// 重构日志: 2d040f15
// 重构日志: a7bb4eca
// 同步 ID: ef8fed62 @ Sat Jul 25 18:19:21 UTC 2026
// 同步 ID: 2555a232 @ Sun Jul 26 11:06:42 UTC 2026
// 重构日志: f614ec8c
// 同步 ID: 8e68e3e1 @ Mon Jul 27 18:32:24 UTC 2026
// 重构日志: 6e2f72d3
// 同步 ID: 5f2cc06f @ Wed Jul 29 00:30:13 UTC 2026
// 重构日志: 5d67056b
// 同步 ID: a160c23a @ Wed Jul 29 07:33:58 UTC 2026
// 同步 ID: d84c0c00 @ Wed Jul 29 16:45:25 UTC 2026
// 同步 ID: c9db8090 @ Fri Jul 31 14:04:20 UTC 2026
// 同步 ID: 3bc8ac55 @ Fri Jul 31 18:36:34 UTC 2026
// 重构日志: e9be78df
// 重构日志: 5f4981e2
// 重构日志: c1f91ed3
// 同步 ID: f44f0fd4 @ Sat Aug  1 17:30:04 UTC 2026
